 input file name = n2o.mjf                       
 input file label = n2o                           
 number of coordinate sets =    1
 number of atoms =   3
 coordinates in angstroms
 correction factor for coordinates = 1.0000E+00
 using a calculated (non-uniform) charge distribution
 total charge = 1.0000E+00
 total absolute charge = 1.0000E+00
 mass of ion = 4.4020D+01

         initial coordinates         mass   charge         LJ parameters

 center of mass coordinates =  8.7057E-09, 6.2599E-08, 1.0526E+00
  1.7960E-17  1.2999E-16 -1.1988E-10  14  1.7128E-01  1.3400E-03  3.0430E+00
 -3.8959E-17 -2.8098E-16 -7.0098E-12  14  6.3963E-01  1.3400E-03  3.0430E+00
  1.8387E-17  1.3221E-16  1.1111E-10  16  1.8910E-01  1.3400E-03  3.0430E+00


 Lennard-Jones scaling parameters: eo= 1.3400E-03 ro= 3.0430E+00
 dipole constant = 2.3642E-59
 mobility constant = 9.6634E-21
 temperature = 2.9800E+02

 using RANLUX

 RANLUX LUXURY LEVEL SET BY RLUXGO : 3     P= 223
 RANLUX INITIALIZED BY RLUXGO FROM SEEDS     9283958           0           0



 structural asymmetry parameter =********


 mobility calculation by MOBIL4 (HS scattering)

 number of Monte Carlo trajectories = 250000
 maximum number of reflections allowed = 30

 average PA mobility = 1.7139E-03
 inverse average PA mobility = 5.8348E+02
 average PA cross section = 3.2663E+01

 maximum number of reflections encountered =  2

     order   cross section
       1      3.26642E-19
       2      3.26716E-19

 average EHS mobility = 1.7134E-03
 inverse average EHS mobility = 5.8364E+02
 average EHS cross section = 3.2672E+01

 mobility calculation by MOBIL2 (trajectory method)

 global trajectory parameters

 sw1 = 5.0000E-05       sw2 = 5.0000E-03
 dtsf1 = 5.0000E-01     dtsf2 = 1.0000E-01
 inwr =  1              ifail =  100

 maximum extent orientated along x axis


 coordinates rotated by ROTATE

 theta= 0.0000E+00 phi= 9.0000E+01 gamma= 9.0000E+01

    1      1.1988E-10     -2.9363E-26     -2.2022E-26      1.0000E+00
    2      7.0098E-12     -4.0009E-17      2.8858E-16      1.0000E+00
    3     -1.1111E-10      3.5033E-17     -2.5268E-16      1.0000E+00
 test e =   -2.7955111285897409E-003
 along x axis emax =-6.4892E-03eV rmax = 4.2376E+00A r00 = 3.9364E+00A
 along y axis emax =-1.7483E-02eV rmax = 2.9990E+00A r00 = 2.6215E+00A
 along z axis emax =-1.7483E-02eV rmax = 2.9990E+00A r00 = 2.6215E+00A


 t*= 1.9164E+01


 set-up gst integration - integration over velocity

     pgst        wgst         v         ke/kt       gst^5*     frac of
                                                exp(gst^2/tst)   sum

  1.8150E+00  1.4893E-03  4.8185E+02  1.7190E-01  1.6587E+01  7.4466E-04
  2.2530E+00  2.1062E-03  5.9811E+02  2.6487E-01  4.4542E+01  2.5424E-03
  2.5339E+00  2.5795E-03  6.7268E+02  3.3503E-01  7.4717E+01  4.8853E-03
  2.7516E+00  2.9786E-03  7.3047E+02  3.9507E-01  1.0625E+02  7.6644E-03
  2.9336E+00  3.3301E-03  7.7879E+02  4.4906E-01  1.3866E+02  1.0819E-02
  3.0922E+00  3.6480E-03  8.2091E+02  4.9895E-01  1.7166E+02  1.4308E-02
  3.2342E+00  3.9403E-03  8.5861E+02  5.4583E-01  2.0503E+02  1.8102E-02
  3.3637E+00  4.2123E-03  8.9298E+02  5.9041E-01  2.3861E+02  2.2178E-02
  3.4834E+00  4.4679E-03  9.2476E+02  6.3317E-01  2.7229E+02  2.6519E-02
  3.5952E+00  4.7095E-03  9.5443E+02  6.7445E-01  3.0597E+02  3.1107E-02
  3.7004E+00  4.9394E-03  9.8237E+02  7.1452E-01  3.3958E+02  3.5931E-02
  3.8002E+00  5.1590E-03  1.0089E+03  7.5357E-01  3.7304E+02  4.0981E-02
  3.8953E+00  5.3697E-03  1.0341E+03  7.9176E-01  4.0630E+02  4.6246E-02
  3.9864E+00  5.5724E-03  1.0583E+03  8.2923E-01  4.3931E+02  5.1716E-02
  4.0740E+00  5.7680E-03  1.0815E+03  8.6607E-01  4.7203E+02  5.7387E-02
  4.1585E+00  5.9571E-03  1.1040E+03  9.0238E-01  5.0442E+02  6.3249E-02
  4.2403E+00  6.1405E-03  1.1257E+03  9.3823E-01  5.3644E+02  6.9298E-02
  4.3197E+00  6.3185E-03  1.1468E+03  9.7370E-01  5.6808E+02  7.5528E-02
  4.3970E+00  6.4916E-03  1.1673E+03  1.0088E+00  5.9928E+02  8.1932E-02
  4.4723E+00  6.6603E-03  1.1873E+03  1.0437E+00  6.3004E+02  8.8509E-02
  4.5458E+00  6.8248E-03  1.2068E+03  1.0783E+00  6.6033E+02  9.5252E-02
  4.6178E+00  6.9854E-03  1.2259E+03  1.1127E+00  6.9012E+02  1.0216E-01
  4.6883E+00  7.1424E-03  1.2446E+03  1.1470E+00  7.1940E+02  1.0922E-01
  4.7576E+00  7.2960E-03  1.2630E+03  1.1811E+00  7.4815E+02  1.1644E-01
  4.8256E+00  7.4464E-03  1.2811E+03  1.2151E+00  7.7634E+02  1.2381E-01
  4.8926E+00  7.5939E-03  1.2989E+03  1.2491E+00  8.0396E+02  1.3133E-01
  4.9586E+00  7.7386E-03  1.3164E+03  1.2830E+00  8.3099E+02  1.3900E-01
  5.0237E+00  7.8806E-03  1.3337E+03  1.3169E+00  8.5742E+02  1.4681E-01
  5.0880E+00  8.0200E-03  1.3507E+03  1.3509E+00  8.8323E+02  1.5476E-01
  5.1516E+00  8.1572E-03  1.3676E+03  1.3848E+00  9.0841E+02  1.6285E-01
  5.2144E+00  8.2920E-03  1.3843E+03  1.4188E+00  9.3294E+02  1.7107E-01
  5.2767E+00  8.4247E-03  1.4008E+03  1.4529E+00  9.5680E+02  1.7943E-01
  5.3384E+00  8.5553E-03  1.4172E+03  1.4871E+00  9.8000E+02  1.8792E-01
  5.3996E+00  8.6840E-03  1.4335E+03  1.5214E+00  1.0025E+03  1.9654E-01
  5.4604E+00  8.8107E-03  1.4496E+03  1.5558E+00  1.0243E+03  2.0529E-01
  5.5207E+00  8.9357E-03  1.4656E+03  1.5904E+00  1.0454E+03  2.1416E-01
  5.5807E+00  9.0590E-03  1.4815E+03  1.6251E+00  1.0657E+03  2.2316E-01
  5.6404E+00  9.1806E-03  1.4974E+03  1.6601E+00  1.0854E+03  2.3228E-01
  5.6998E+00  9.3006E-03  1.5131E+03  1.6952E+00  1.1042E+03  2.4152E-01
  5.7589E+00  9.4191E-03  1.5289E+03  1.7306E+00  1.1223E+03  2.5088E-01
  5.8179E+00  9.5361E-03  1.5445E+03  1.7662E+00  1.1397E+03  2.6035E-01
  5.8767E+00  9.6517E-03  1.5601E+03  1.8021E+00  1.1562E+03  2.6995E-01
  5.9354E+00  9.7659E-03  1.5757E+03  1.8383E+00  1.1719E+03  2.7966E-01
  5.9941E+00  9.8788E-03  1.5913E+03  1.8748E+00  1.1868E+03  2.8948E-01
  6.0526E+00  9.9904E-03  1.6068E+03  1.9116E+00  1.2009E+03  2.9941E-01
  6.1112E+00  1.0101E-02  1.6224E+03  1.9488E+00  1.2142E+03  3.0946E-01
  6.1697E+00  1.0210E-02  1.6379E+03  1.9863E+00  1.2266E+03  3.1961E-01
  6.2283E+00  1.0318E-02  1.6535E+03  2.0242E+00  1.2381E+03  3.2988E-01
  6.2870E+00  1.0425E-02  1.6691E+03  2.0626E+00  1.2488E+03  3.4025E-01
  6.3459E+00  1.0531E-02  1.6847E+03  2.1013E+00  1.2585E+03  3.5073E-01
  6.4048E+00  1.0636E-02  1.7003E+03  2.1406E+00  1.2674E+03  3.6131E-01
  6.4640E+00  1.0739E-02  1.7160E+03  2.1803E+00  1.2753E+03  3.7200E-01
  6.5234E+00  1.0842E-02  1.7318E+03  2.2205E+00  1.2823E+03  3.8279E-01
  6.5830E+00  1.0944E-02  1.7476E+03  2.2613E+00  1.2884E+03  3.9368E-01
  6.6430E+00  1.1045E-02  1.7635E+03  2.3027E+00  1.2935E+03  4.0468E-01
  6.7032E+00  1.1145E-02  1.7795E+03  2.3447E+00  1.2976E+03  4.1577E-01
  6.7639E+00  1.1244E-02  1.7956E+03  2.3873E+00  1.3007E+03  4.2697E-01
  6.8249E+00  1.1342E-02  1.8119E+03  2.4306E+00  1.3029E+03  4.3826E-01
  6.8864E+00  1.1439E-02  1.8282E+03  2.4746E+00  1.3040E+03  4.4965E-01
  6.9484E+00  1.1536E-02  1.8446E+03  2.5193E+00  1.3041E+03  4.6114E-01
  7.0110E+00  1.1632E-02  1.8612E+03  2.5649E+00  1.3031E+03  4.7272E-01
  7.0741E+00  1.1727E-02  1.8780E+03  2.6113E+00  1.3010E+03  4.8440E-01
  7.1379E+00  1.1821E-02  1.8949E+03  2.6586E+00  1.2979E+03  4.9617E-01
  7.2023E+00  1.1914E-02  1.9120E+03  2.7068E+00  1.2936E+03  5.0804E-01
  7.2675E+00  1.2007E-02  1.9293E+03  2.7560E+00  1.2882E+03  5.2000E-01
  7.3335E+00  1.2099E-02  1.9469E+03  2.8063E+00  1.2817E+03  5.3206E-01
  7.4004E+00  1.2190E-02  1.9646E+03  2.8578E+00  1.2740E+03  5.4420E-01
  7.4682E+00  1.2281E-02  1.9826E+03  2.9104E+00  1.2651E+03  5.5644E-01
  7.5371E+00  1.2371E-02  2.0009E+03  2.9643E+00  1.2550E+03  5.6876E-01
  7.6070E+00  1.2460E-02  2.0195E+03  3.0196E+00  1.2437E+03  5.8118E-01
  7.6782E+00  1.2549E-02  2.0384E+03  3.0763E+00  1.2310E+03  5.9368E-01
  7.7506E+00  1.2637E-02  2.0576E+03  3.1346E+00  1.2171E+03  6.0627E-01
  7.8243E+00  1.2724E-02  2.0772E+03  3.1945E+00  1.2019E+03  6.1895E-01
  7.8996E+00  1.2811E-02  2.0972E+03  3.2563E+00  1.1853E+03  6.3172E-01
  7.9765E+00  1.2898E-02  2.1176E+03  3.3200E+00  1.1674E+03  6.4458E-01
  8.0552E+00  1.2983E-02  2.1385E+03  3.3858E+00  1.1480E+03  6.5752E-01
  8.1358E+00  1.3068E-02  2.1599E+03  3.4539E+00  1.1271E+03  6.7054E-01
  8.2185E+00  1.3153E-02  2.1818E+03  3.5245E+00  1.1048E+03  6.8365E-01
  8.3034E+00  1.3237E-02  2.2044E+03  3.5977E+00  1.0810E+03  6.9685E-01
  8.3909E+00  1.3321E-02  2.2276E+03  3.6739E+00  1.0555E+03  7.1013E-01
  8.4812E+00  1.3404E-02  2.2515E+03  3.7534E+00  1.0285E+03  7.2349E-01
  8.5745E+00  1.3486E-02  2.2763E+03  3.8364E+00  9.9976E+02  7.3694E-01
  8.6712E+00  1.3568E-02  2.3020E+03  3.9234E+00  9.6930E+02  7.5046E-01
  8.7716E+00  1.3650E-02  2.3287E+03  4.0149E+00  9.3703E+02  7.6407E-01
  8.8764E+00  1.3731E-02  2.3565E+03  4.1113E+00  9.0291E+02  7.7776E-01
  8.9859E+00  1.3811E-02  2.3855E+03  4.2134E+00  8.6684E+02  7.9153E-01
  9.1009E+00  1.3891E-02  2.4161E+03  4.3220E+00  8.2874E+02  8.0538E-01
  9.2221E+00  1.3971E-02  2.4483E+03  4.4379E+00  7.8851E+02  8.1931E-01
  9.3507E+00  1.4050E-02  2.4824E+03  4.5624E+00  7.4605E+02  8.3332E-01
  9.4877E+00  1.4129E-02  2.5188E+03  4.6972E+00  7.0122E+02  8.4741E-01
  9.6349E+00  1.4207E-02  2.5578E+03  4.8440E+00  6.5388E+02  8.6158E-01
  9.7944E+00  1.4285E-02  2.6002E+03  5.0057E+00  6.0385E+02  8.7583E-01
  9.9690E+00  1.4362E-02  2.6465E+03  5.1858E+00  5.5092E+02  8.9015E-01
  1.0163E+01  1.4439E-02  2.6980E+03  5.3895E+00  4.9482E+02  9.0455E-01
  1.0382E+01  1.4516E-02  2.7562E+03  5.6246E+00  4.3522E+02  9.1903E-01
  1.0636E+01  1.4592E-02  2.8237E+03  5.9034E+00  3.7166E+02  9.3358E-01
  1.0942E+01  1.4668E-02  2.9049E+03  6.2477E+00  3.0352E+02  9.4821E-01
  1.1332E+01  1.4743E-02  3.0084E+03  6.7008E+00  2.2983E+02  9.6292E-01
  1.1888E+01  1.4818E-02  3.1560E+03  7.3745E+00  1.4889E+02  9.7770E-01
  1.2970E+01  1.4893E-02  3.4431E+03  8.7774E+00  5.6577E+01  9.9255E-01


 set up b2 integration - integration over impact parameter

 minimum value of (1-cosX) = 5.0000E-04


     gst           b2max/ro2         b/A

  1.8150E+00      1.8200E+01      1.2982E+01
  2.2530E+00      1.4800E+01      1.1707E+01
  2.5339E+00      1.3300E+01      1.1098E+01
  2.7516E+00      1.2300E+01      1.0672E+01
  2.9336E+00      1.1600E+01      1.0364E+01
  3.0922E+00      1.1100E+01      1.0138E+01
  3.2342E+00      1.0600E+01      9.9073E+00
  3.3637E+00      1.0200E+01      9.7186E+00
  3.4834E+00      9.9000E+00      9.5746E+00
  3.5952E+00      9.6000E+00      9.4284E+00
  3.7004E+00      9.4000E+00      9.3297E+00
  3.8002E+00      9.2000E+00      9.2299E+00
  3.8953E+00      9.0000E+00      9.1290E+00
  3.9864E+00      8.8000E+00      9.0270E+00
  4.0740E+00      8.6000E+00      8.9238E+00
  4.1585E+00      8.5000E+00      8.8718E+00
  4.2403E+00      8.3000E+00      8.7668E+00
  4.3197E+00      8.2000E+00      8.7138E+00
  4.3970E+00      8.0000E+00      8.6069E+00
  4.4723E+00      7.9000E+00      8.5529E+00
  4.5458E+00      7.8000E+00      8.4986E+00
  4.6178E+00      7.7000E+00      8.4440E+00
  4.6883E+00      7.6000E+00      8.3890E+00
  4.7576E+00      7.5000E+00      8.3336E+00
  4.8256E+00      7.4000E+00      8.2779E+00
  4.8926E+00      7.3000E+00      8.2217E+00
  4.9586E+00      7.2000E+00      8.1652E+00
  5.0237E+00      7.1000E+00      8.1083E+00
  5.0880E+00      7.1000E+00      8.1083E+00
  5.1516E+00      7.0000E+00      8.0510E+00
  5.2144E+00      6.9000E+00      7.9933E+00
  5.2767E+00      6.8000E+00      7.9352E+00
  5.3384E+00      6.8000E+00      7.9352E+00
  5.3996E+00      6.7000E+00      7.8766E+00
  5.4604E+00      6.6000E+00      7.8176E+00
  5.5207E+00      6.6000E+00      7.8176E+00
  5.5807E+00      6.5000E+00      7.7582E+00
  5.6404E+00      6.5000E+00      7.7582E+00
  5.6998E+00      6.4000E+00      7.6982E+00
  5.7589E+00      6.3000E+00      7.6379E+00
  5.8179E+00      6.3000E+00      7.6379E+00
  5.8767E+00      6.2000E+00      7.5770E+00
  5.9354E+00      6.2000E+00      7.5770E+00
  5.9941E+00      6.1000E+00      7.5157E+00
  6.0526E+00      6.1000E+00      7.5157E+00
  6.1112E+00      6.0000E+00      7.4538E+00
  6.1697E+00      6.0000E+00      7.4538E+00
  6.2283E+00      5.9000E+00      7.3914E+00
  6.2870E+00      5.9000E+00      7.3914E+00
  6.3459E+00      5.8000E+00      7.3285E+00
  6.4048E+00      5.8000E+00      7.3285E+00
  6.4640E+00      5.8000E+00      7.3285E+00
  6.5234E+00      5.7000E+00      7.2651E+00
  6.5830E+00      5.7000E+00      7.2651E+00
  6.6430E+00      5.6000E+00      7.2011E+00
  6.7032E+00      5.6000E+00      7.2011E+00
  6.7639E+00      5.5000E+00      7.1365E+00
  6.8249E+00      5.5000E+00      7.1365E+00
  6.8864E+00      5.5000E+00      7.1365E+00
  6.9484E+00      5.4000E+00      7.0713E+00
  7.0110E+00      5.4000E+00      7.0713E+00
  7.0741E+00      5.3000E+00      7.0055E+00
  7.1379E+00      5.3000E+00      7.0055E+00
  7.2023E+00      5.2000E+00      6.9391E+00
  7.2675E+00      5.2000E+00      6.9391E+00
  7.3335E+00      5.2000E+00      6.9391E+00
  7.4004E+00      5.1000E+00      6.8721E+00
  7.4682E+00      5.1000E+00      6.8721E+00
  7.5371E+00      5.1000E+00      6.8721E+00
  7.6070E+00      5.0000E+00      6.8044E+00
  7.6782E+00      5.0000E+00      6.8044E+00
  7.7506E+00      4.9000E+00      6.7360E+00
  7.8243E+00      4.9000E+00      6.7360E+00
  7.8996E+00      4.9000E+00      6.7360E+00
  7.9765E+00      4.8000E+00      6.6669E+00
  8.0552E+00      4.8000E+00      6.6669E+00
  8.1358E+00      4.7000E+00      6.5971E+00
  8.2185E+00      4.7000E+00      6.5971E+00
  8.3034E+00      4.7000E+00      6.5971E+00
  8.3909E+00      4.6000E+00      6.5265E+00
  8.4812E+00      4.6000E+00      6.5265E+00
  8.5745E+00      4.5000E+00      6.4552E+00
  8.6712E+00      4.5000E+00      6.4552E+00
  8.7716E+00      4.5000E+00      6.4552E+00
  8.8764E+00      4.4000E+00      6.3831E+00
  8.9859E+00      4.4000E+00      6.3831E+00
  9.1009E+00      4.3000E+00      6.3101E+00
  9.2221E+00      4.3000E+00      6.3101E+00
  9.3507E+00      4.2000E+00      6.2363E+00
  9.4877E+00      4.2000E+00      6.2363E+00
  9.6349E+00      4.1000E+00      6.1616E+00
  9.7944E+00      4.1000E+00      6.1616E+00
  9.9690E+00      4.0000E+00      6.0860E+00
  1.0163E+01      4.0000E+00      6.0860E+00
  1.0382E+01      3.9000E+00      6.0094E+00
  1.0636E+01      3.8000E+00      5.9319E+00
  1.0942E+01      3.7000E+00      5.8533E+00
  1.1332E+01      3.6000E+00      5.7737E+00
  1.1888E+01      3.5000E+00      5.6929E+00
  1.2970E+01      3.2000E+00      5.4435E+00


 number of complete cycles (itn) =   100
 number of velocity points (inp) =   100
 number of random points (imp) =    50
 total number of points = 500000


 energy not conserved: e ratio = 9.8218E-01 v = 1.7635E+03 b = 2.4250E-10
 gst2 = 4.4129E+01 theta = 6.3186E+01 phi = 5.8934E+01 gamma = 1.7809E+01

 summary of mobility calculations

 cycle     cs/A^2      avge cs/A^2        Ko^-1       avge Ko^-1
   1     3.2744E+01     3.2744E+01     5.8494E+02     5.8494E+02
   2     3.3466E+01     3.3105E+01     5.9784E+02     5.9139E+02
   3     3.2139E+01     3.2783E+01     5.7412E+02     5.8563E+02
   4     3.4390E+01     3.3185E+01     6.1434E+02     5.9281E+02
   5     3.3827E+01     3.3313E+01     6.0428E+02     5.9510E+02
   6     3.1927E+01     3.3082E+01     5.7034E+02     5.9098E+02
   7     3.2624E+01     3.3017E+01     5.8279E+02     5.8981E+02
   8     3.5098E+01     3.3277E+01     6.2699E+02     5.9445E+02
   9     3.2742E+01     3.3217E+01     5.8490E+02     5.9339E+02
  10     3.1446E+01     3.3040E+01     5.6174E+02     5.9023E+02
  11     3.2016E+01     3.2947E+01     5.7193E+02     5.8856E+02
  12     3.2007E+01     3.2869E+01     5.7177E+02     5.8716E+02
  13     3.3777E+01     3.2939E+01     6.0339E+02     5.8841E+02
  14     3.2342E+01     3.2896E+01     5.7776E+02     5.8765E+02
  15     3.3878E+01     3.2961E+01     6.0519E+02     5.8882E+02
  16     3.2584E+01     3.2938E+01     5.8207E+02     5.8840E+02
  17     3.3404E+01     3.2965E+01     5.9673E+02     5.8889E+02
  18     3.1191E+01     3.2867E+01     5.5719E+02     5.8713E+02
  19     3.1929E+01     3.2817E+01     5.7037E+02     5.8625E+02
  20     3.4112E+01     3.2882E+01     6.0938E+02     5.8740E+02
  21     3.2402E+01     3.2859E+01     5.7882E+02     5.8699E+02
  22     3.4707E+01     3.2943E+01     6.2000E+02     5.8849E+02
  23     3.2584E+01     3.2928E+01     5.8207E+02     5.8821E+02
  24     3.4843E+01     3.3007E+01     6.2243E+02     5.8964E+02
  25     3.3652E+01     3.3033E+01     6.0116E+02     5.9010E+02
  26     3.4202E+01     3.3078E+01     6.1097E+02     5.9090E+02
  27     3.2718E+01     3.3065E+01     5.8447E+02     5.9067E+02
  28     3.2869E+01     3.3058E+01     5.8718E+02     5.9054E+02
  29     3.1825E+01     3.3015E+01     5.6852E+02     5.8978E+02
  30     3.3996E+01     3.3048E+01     6.0731E+02     5.9037E+02
  31     3.4196E+01     3.3085E+01     6.1087E+02     5.9103E+02
  32     3.3200E+01     3.3089E+01     5.9308E+02     5.9109E+02
  33     3.2478E+01     3.3070E+01     5.8019E+02     5.9076E+02
  34     3.2296E+01     3.3047E+01     5.7693E+02     5.9035E+02
  35     3.2745E+01     3.3039E+01     5.8496E+02     5.9020E+02
  36     3.3542E+01     3.3053E+01     5.9920E+02     5.9045E+02
  37     3.3942E+01     3.3077E+01     6.0634E+02     5.9088E+02
  38     3.3922E+01     3.3099E+01     6.0599E+02     5.9128E+02
  39     3.3721E+01     3.3115E+01     6.0240E+02     5.9156E+02
  40     3.3379E+01     3.3122E+01     5.9627E+02     5.9168E+02
  41     3.0938E+01     3.3068E+01     5.5268E+02     5.9073E+02
  42     3.2344E+01     3.3051E+01     5.7780E+02     5.9042E+02
  43     3.2087E+01     3.3029E+01     5.7320E+02     5.9002E+02
  44     3.3157E+01     3.3032E+01     5.9231E+02     5.9007E+02
  45     3.0863E+01     3.2983E+01     5.5133E+02     5.8921E+02
  46     3.2353E+01     3.2970E+01     5.7796E+02     5.8897E+02
  47     3.2835E+01     3.2967E+01     5.8656E+02     5.8892E+02
  48     3.2408E+01     3.2955E+01     5.7894E+02     5.8871E+02
  49     3.1991E+01     3.2935E+01     5.7148E+02     5.8836E+02
  50     3.3193E+01     3.2941E+01     5.9295E+02     5.8845E+02
  51     3.1032E+01     3.2903E+01     5.5435E+02     5.8778E+02
  52     3.4102E+01     3.2926E+01     6.0920E+02     5.8819E+02
  53     3.1813E+01     3.2905E+01     5.6831E+02     5.8782E+02
  54     3.2378E+01     3.2895E+01     5.7840E+02     5.8764E+02
  55     3.4007E+01     3.2916E+01     6.0750E+02     5.8800E+02
  56     3.2802E+01     3.2914E+01     5.8598E+02     5.8797E+02
  57     3.2853E+01     3.2913E+01     5.8688E+02     5.8795E+02
  58     3.2006E+01     3.2897E+01     5.7176E+02     5.8767E+02
  59     3.4278E+01     3.2920E+01     6.1235E+02     5.8809E+02
  60     3.4129E+01     3.2941E+01     6.0969E+02     5.8845E+02
  61     3.3495E+01     3.2950E+01     5.9835E+02     5.8861E+02
  62     3.3568E+01     3.2960E+01     5.9965E+02     5.8879E+02
  63     3.3136E+01     3.2962E+01     5.9194E+02     5.8884E+02
  64     3.3147E+01     3.2965E+01     5.9213E+02     5.8889E+02
  65     3.3496E+01     3.2973E+01     5.9837E+02     5.8903E+02
  66     3.2379E+01     3.2964E+01     5.7842E+02     5.8887E+02
  67     3.5448E+01     3.3002E+01     6.3324E+02     5.8954E+02
  68     3.3669E+01     3.3011E+01     6.0145E+02     5.8971E+02
  69     3.3989E+01     3.3025E+01     6.0718E+02     5.8996E+02
  70     3.1197E+01     3.2999E+01     5.5730E+02     5.8950E+02
  71     3.3941E+01     3.3013E+01     6.0632E+02     5.8973E+02
  72     3.3836E+01     3.3024E+01     6.0445E+02     5.8994E+02
  73     3.4005E+01     3.3038E+01     6.0747E+02     5.9018E+02
  74     3.2129E+01     3.3025E+01     5.7395E+02     5.8996E+02
  75     3.5887E+01     3.3063E+01     6.4108E+02     5.9064E+02
  76     3.2829E+01     3.3060E+01     5.8646E+02     5.9059E+02
  77     3.4227E+01     3.3075E+01     6.1144E+02     5.9086E+02
  78     3.4096E+01     3.3089E+01     6.0908E+02     5.9109E+02
  79     3.4783E+01     3.3110E+01     6.2136E+02     5.9147E+02
  80     3.3476E+01     3.3115E+01     5.9801E+02     5.9156E+02
  81     3.3267E+01     3.3116E+01     5.9428E+02     5.9159E+02
  82     3.3276E+01     3.3118E+01     5.9445E+02     5.9162E+02
  83     3.1721E+01     3.3102E+01     5.6667E+02     5.9132E+02
  84     3.0875E+01     3.3075E+01     5.5156E+02     5.9085E+02
  85     3.2755E+01     3.3071E+01     5.8514E+02     5.9078E+02
  86     3.3869E+01     3.3081E+01     6.0503E+02     5.9095E+02
  87     3.3291E+01     3.3083E+01     5.9470E+02     5.9099E+02
  88     3.3051E+01     3.3083E+01     5.9042E+02     5.9099E+02
  89     3.4589E+01     3.3100E+01     6.1790E+02     5.9129E+02
  90     2.9659E+01     3.3061E+01     5.2983E+02     5.9060E+02
  91     3.3500E+01     3.3066E+01     5.9844E+02     5.9069E+02
  92     3.2090E+01     3.3056E+01     5.7326E+02     5.9050E+02
  93     3.4109E+01     3.3067E+01     6.0932E+02     5.9070E+02
  94     3.1738E+01     3.3053E+01     5.6696E+02     5.9045E+02
  95     3.4489E+01     3.3068E+01     6.1610E+02     5.9072E+02
  96     3.4075E+01     3.3078E+01     6.0871E+02     5.9091E+02
  97     3.3772E+01     3.3085E+01     6.0329E+02     5.9104E+02
  98     3.2503E+01     3.3080E+01     5.8062E+02     5.9093E+02
  99     3.4215E+01     3.3091E+01     6.1121E+02     5.9113E+02
 100     3.1259E+01     3.3073E+01     5.5840E+02     5.9081E+02


 average values for q1st

     gst2        wgst        q1st
  3.2944E+00  1.4893E-03  4.4643E+00
  5.0760E+00  2.1062E-03  3.6480E+00
  6.4205E+00  2.5795E-03  3.0652E+00
  7.5711E+00  2.9786E-03  2.7999E+00
  8.6058E+00  3.3301E-03  2.7077E+00
  9.5618E+00  3.6480E-03  2.4180E+00
  1.0460E+01  3.9403E-03  2.2399E+00
  1.1315E+01  4.2123E-03  2.0586E+00
  1.2134E+01  4.4679E-03  2.0115E+00
  1.2925E+01  4.7095E-03  1.9055E+00
  1.3693E+01  4.9394E-03  1.7869E+00
  1.4441E+01  5.1590E-03  1.6698E+00
  1.5173E+01  5.3697E-03  1.7557E+00
  1.5891E+01  5.5724E-03  1.5711E+00
  1.6597E+01  5.7680E-03  1.5890E+00
  1.7293E+01  5.9571E-03  1.5755E+00
  1.7980E+01  6.1405E-03  1.5586E+00
  1.8660E+01  6.3185E-03  1.4111E+00
  1.9333E+01  6.4916E-03  1.5181E+00
  2.0001E+01  6.6603E-03  1.4359E+00
  2.0664E+01  6.8248E-03  1.4892E+00
  2.1324E+01  6.9854E-03  1.5040E+00
  2.1981E+01  7.1424E-03  1.4069E+00
  2.2635E+01  7.2960E-03  1.3396E+00
  2.3287E+01  7.4464E-03  1.3938E+00
  2.3938E+01  7.5939E-03  1.3658E+00
  2.4588E+01  7.7386E-03  1.3280E+00
  2.5238E+01  7.8806E-03  1.3568E+00
  2.5888E+01  8.0200E-03  1.2429E+00
  2.6539E+01  8.1572E-03  1.2638E+00
  2.7190E+01  8.2920E-03  1.2844E+00
  2.7844E+01  8.4247E-03  1.2636E+00
  2.8499E+01  8.5553E-03  1.3042E+00
  2.9156E+01  8.6840E-03  1.2323E+00
  2.9815E+01  8.8107E-03  1.2868E+00
  3.0478E+01  8.9357E-03  1.1465E+00
  3.1144E+01  9.0590E-03  1.2055E+00
  3.1814E+01  9.1806E-03  1.2233E+00
  3.2487E+01  9.3006E-03  1.1701E+00
  3.3165E+01  9.4191E-03  1.2531E+00
  3.3848E+01  9.5361E-03  1.1741E+00
  3.4536E+01  9.6517E-03  1.1059E+00
  3.5229E+01  9.7659E-03  1.1283E+00
  3.5929E+01  9.8788E-03  1.1112E+00
  3.6634E+01  9.9904E-03  1.1680E+00
  3.7346E+01  1.0101E-02  1.1011E+00
  3.8065E+01  1.0210E-02  1.0994E+00
  3.8792E+01  1.0318E-02  1.1256E+00
  3.9527E+01  1.0425E-02  1.1361E+00
  4.0270E+01  1.0531E-02  1.0605E+00
  4.1022E+01  1.0636E-02  1.1007E+00
  4.1783E+01  1.0739E-02  1.1304E+00
  4.2555E+01  1.0842E-02  1.1275E+00
  4.3336E+01  1.0944E-02  1.0369E+00
  4.4129E+01  1.1045E-02  1.1439E+00
  4.4933E+01  1.1145E-02  1.1056E+00
  4.5750E+01  1.1244E-02  1.0137E+00
  4.6580E+01  1.1342E-02  1.1002E+00
  4.7423E+01  1.1439E-02  1.0459E+00
  4.8281E+01  1.1536E-02  1.0696E+00
  4.9154E+01  1.1632E-02  1.0848E+00
  5.0043E+01  1.1727E-02  9.7700E-01
  5.0949E+01  1.1821E-02  1.0601E+00
  5.1873E+01  1.1914E-02  9.6778E-01
  5.2817E+01  1.2007E-02  1.0134E+00
  5.3781E+01  1.2099E-02  1.0280E+00
  5.4766E+01  1.2190E-02  9.9524E-01
  5.5775E+01  1.2281E-02  1.0158E+00
  5.6808E+01  1.2371E-02  1.0399E+00
  5.7867E+01  1.2460E-02  9.5682E-01
  5.8954E+01  1.2549E-02  9.6981E-01
  6.0071E+01  1.2637E-02  1.0160E+00
  6.1220E+01  1.2724E-02  9.9274E-01
  6.2404E+01  1.2811E-02  9.9213E-01
  6.3625E+01  1.2898E-02  9.6754E-01
  6.4886E+01  1.2983E-02  9.9867E-01
  6.6191E+01  1.3068E-02  9.9051E-01
  6.7543E+01  1.3153E-02  1.0096E+00
  6.8947E+01  1.3237E-02  1.0380E+00
  7.0407E+01  1.3321E-02  9.9494E-01
  7.1930E+01  1.3404E-02  9.8495E-01
  7.3521E+01  1.3486E-02  9.6197E-01
  7.5189E+01  1.3568E-02  9.6944E-01
  7.6942E+01  1.3650E-02  9.9599E-01
  7.8790E+01  1.3731E-02  9.4791E-01
  8.0746E+01  1.3811E-02  9.6551E-01
  8.2826E+01  1.3891E-02  9.8349E-01
  8.5048E+01  1.3971E-02  9.2912E-01
  8.7435E+01  1.4050E-02  1.0010E+00
  9.0016E+01  1.4129E-02  9.2998E-01
  9.2831E+01  1.4207E-02  9.4531E-01
  9.5929E+01  1.4285E-02  9.3838E-01
  9.9381E+01  1.4362E-02  9.6345E-01
  1.0329E+02  1.4439E-02  8.9568E-01
  1.0779E+02  1.4516E-02  9.0444E-01
  1.1313E+02  1.4592E-02  9.1612E-01
  1.1973E+02  1.4668E-02  8.4439E-01
  1.2842E+02  1.4743E-02  9.4305E-01
  1.4132E+02  1.4818E-02  8.5843E-01
  1.6821E+02  1.4893E-02  8.3424E-01


 mean OMEGA*(1,1) = 1.1369E+00
 standard deviation = 3.8323E-02
 standard error of mean = 3.8323E-03


 f value for second order correction= 1.0000E+00
 (integrations for second order correction are not
 accurate, check if correction becomes significant)

 omega*12 = 1.0167E+00  omega*13 = 9.5029E-01  omega*22 = 1.2373E+00
       u2 = 4.8065E+00         w = 9.0927E-02     delta = 3.4895E-05


 average (second order) TM mobility = 1.6927E-03
 inverse average (second order) TM mobility = 5.9079E+02
 average TM cross section = 3.3073E+01



 SUMMARY

 program version = junkn.f
 input file name = n2o.mjf                       
 input file label = n2o                           
 temperature = 2.9800E+02
 using RANLUX with seed integer = 9283958
 structural asymmetry parameter = 3.4089E+05

 mobility calculation by MOBIL4 (HS scattering)

 number of Monte Carlo trajectories = 250000
 maximum number of reflections encountered =  2

 inverse average PA mobility = 5.8348E+02
 average PA cross section = 3.2663E+01

 inverse average EHS mobility = 5.8364E+02
 average EHS cross section = 3.2672E+01

 mobility calculation by MOBIL2 (trajectory method)

 trajectory parameters
 sw1 = 5.0000E-05       sw2 = 5.0000E-03
 dtsf1 = 5.0000E-01     dtsf2 = 1.0000E-01

 number of complete cycles (itn) =   100
 number of velocity points (inp) =   100
 number of random points (imp) =    50
 total number of points = 500000

 inverse average (second order) TM mobility = 5.9079E+02
 average TM cross section = 3.3073E+01
 standard deviation (percent) = 3.3709E+00
 number of failed trajectories =   1
