 input file name = naph.mjf                      
 input file label = naphthalene                   
 number of coordinate sets =    1
 number of atoms =  18
 coordinates in angstroms
 correction factor for coordinates = 1.0000E+00
 using a calculated (non-uniform) charge distribution
 total charge = 1.0000E+00
 total absolute charge = 1.4807E+00
 mass of ion = 1.2816D+02

         initial coordinates         mass   charge         LJ parameters

 center of mass coordinates =  5.5815E-06,-7.0200E-08, 3.2850E-05
 -1.2292E-10 -1.4042E-10  3.9325E-14  12 -3.7191E-02  1.3400E-03  3.0430E+00
 -2.4533E-10 -6.9130E-11  3.1715E-14  12 -2.5029E-02  1.3400E-03  3.0430E+00
 -2.4533E-10  6.9131E-11  1.2370E-16  12 -2.8537E-02  1.3400E-03  3.0430E+00
 -1.2292E-10  1.4042E-10 -2.4404E-14  12 -2.8935E-02  1.3400E-03  3.0430E+00
  1.4789E-16  7.1447E-11 -1.6458E-14  12  6.4432E-02  1.3400E-03  3.0430E+00
  1.2292E-10  1.4042E-10 -3.9555E-14  12 -2.9001E-02  1.3400E-03  3.0430E+00
  2.4533E-10  6.9130E-11 -3.0653E-14  12 -3.0688E-02  1.3400E-03  3.0430E+00
  2.4533E-10 -6.9131E-11  4.8590E-16  12 -1.8830E-02  1.3400E-03  3.0430E+00
  1.2292E-10 -1.4042E-10  2.3572E-14  12 -4.2131E-02  1.3400E-03  3.0430E+00
 -1.4741E-16 -7.1447E-11  1.5768E-14  12  7.9092E-02  1.3400E-03  3.0430E+00
 -1.2365E-10 -2.4945E-10  6.3361E-14   1  1.4404E-01  6.5000E-04  2.3800E+00
 -3.3935E-10 -1.2402E-10  5.1063E-14   1  1.3114E-01  6.5000E-04  2.3800E+00
 -3.3934E-10  1.2402E-10 -5.9732E-15   1  1.3137E-01  6.5000E-04  2.3800E+00
 -1.2364E-10  2.4945E-10 -4.9571E-14   1  1.4187E-01  6.5000E-04  2.3800E+00
  1.2365E-10  2.4945E-10 -6.4494E-14   1  1.4243E-01  6.5000E-04  2.3800E+00
  3.3935E-10  1.2402E-10 -4.8545E-14   1  1.3156E-01  6.5000E-04  2.3800E+00
  3.3934E-10 -1.2402E-10  7.4220E-15   1  1.2899E-01  6.5000E-04  2.3800E+00
  1.2364E-10 -2.4945E-10  4.7688E-14   1  1.4542E-01  6.5000E-04  2.3800E+00


 Lennard-Jones scaling parameters: eo= 1.3400E-03 ro= 3.0430E+00
 dipole constant = 2.3642E-59
 mobility constant = 9.3953E-21
 temperature = 2.9800E+02

 using RANLUX

 RANLUX LUXURY LEVEL SET BY RLUXGO : 3     P= 223
 RANLUX INITIALIZED BY RLUXGO FROM SEEDS      487587           0           0



 structural asymmetry parameter =  1.4720


 mobility calculation by MOBIL4 (HS scattering)

 number of Monte Carlo trajectories = 250000
 maximum number of reflections allowed = 30

 average PA mobility = 8.4834E-04
 inverse average PA mobility = 1.1788E+03
 average PA cross section = 6.4155E+01

 maximum number of reflections encountered =  4

     order   cross section
       1      6.49777E-19
       2      6.57162E-19
       3      6.57235E-19
       4      6.57236E-19

 average EHS mobility = 8.2810E-04
 inverse average EHS mobility = 1.2076E+03
 average EHS cross section = 6.5724E+01

 mobility calculation by MOBIL2 (trajectory method)

 global trajectory parameters

 sw1 = 5.0000E-05       sw2 = 5.0000E-03
 dtsf1 = 5.0000E-01     dtsf2 = 1.0000E-01
 inwr =  1              ifail =  100

 maximum extent orientated along x axis


 coordinates rotated by ROTATE

 theta= 0.0000E+00 phi= 1.8000E+02 gamma= 3.3992E+02

    1     -6.7253E-11      1.7408E-10     -3.0922E-14      1.0000E+00
    2     -2.0669E-10      1.4914E-10     -2.7577E-14      1.0000E+00
    3     -2.5415E-10      1.9282E-11     -4.2609E-15      1.0000E+00
    4     -1.6366E-10     -8.9695E-11      1.6001E-14      1.0000E+00
    5     -2.4525E-11     -6.7106E-11      1.2182E-14      1.0000E+00
    6      6.7253E-11     -1.7408E-10      3.1152E-14      1.0000E+00
    7      2.0669E-10     -1.4914E-10      2.6516E-14      1.0000E+00
    8      2.5415E-10     -1.9282E-11      3.6513E-15      1.0000E+00
    9      1.6366E-10      8.9695E-11     -1.5169E-14      1.0000E+00
   10      2.4525E-11      6.7106E-11     -1.1493E-14      1.0000E+00
   11     -3.0507E-11      2.7673E-10     -4.8432E-14      1.0000E+00
   12     -2.7616E-10      2.3297E-10     -4.3641E-14      1.0000E+00
   13     -3.6130E-10     -6.5945E-17     -1.4488E-15      1.0000E+00
   14     -2.0176E-10     -1.9185E-10      3.4643E-14      1.0000E+00
   15      3.0507E-11     -2.7673E-10      4.9566E-14      1.0000E+00
   16      2.7616E-10     -2.3297E-10      4.1123E-14      1.0000E+00
   17      3.6130E-10     -8.8492E-26      3.7970E-26      1.0000E+00
   18      2.0176E-10      1.9185E-10     -3.2759E-14      1.0000E+00
 test e =    7603853.4073588280     
 along x axis emax =-5.8300E-03eV rmax = 6.0170E+00A r00 = 5.6975E+00A
 along y axis emax =-7.2042E-03eV rmax = 5.1251E+00A r00 = 4.7990E+00A
 along z axis emax =-1.2936E-02eV rmax = 3.1017E+00A r00 = 2.6890E+00A


 t*= 1.9164E+01


 set-up gst integration - integration over velocity

     pgst        wgst         v         ke/kt       gst^5*     frac of
                                                exp(gst^2/tst)   sum

  2.7803E+00  1.6216E-02  7.1763E+02  4.0337E-01  1.1099E+02  8.1082E-03
  3.5130E+00  2.2933E-02  9.0675E+02  6.4399E-01  2.8102E+02  2.7684E-02
  4.0098E+00  2.8088E-02  1.0350E+03  8.3901E-01  4.4798E+02  5.3194E-02
  4.4147E+00  3.2433E-02  1.1395E+03  1.0170E+00  6.0651E+02  8.3455E-02
  4.7703E+00  3.6261E-02  1.2313E+03  1.1874E+00  7.5344E+02  1.1780E-01
  5.0963E+00  3.9722E-02  1.3154E+03  1.3552E+00  8.8651E+02  1.5579E-01
  5.4036E+00  4.2905E-02  1.3947E+03  1.5236E+00  1.0039E+03  1.9711E-01
  5.6996E+00  4.5867E-02  1.4711E+03  1.6951E+00  1.1042E+03  2.4149E-01
  5.9897E+00  4.8649E-02  1.5460E+03  1.8721E+00  1.1858E+03  2.8875E-01
  6.2784E+00  5.1281E-02  1.6205E+03  2.0569E+00  1.2472E+03  3.3871E-01
  6.5697E+00  5.3784E-02  1.6957E+03  2.2522E+00  1.2871E+03  3.9125E-01
  6.8680E+00  5.6175E-02  1.7727E+03  2.4613E+00  1.3038E+03  4.4623E-01
  7.1779E+00  5.8469E-02  1.8527E+03  2.6885E+00  1.2954E+03  5.0355E-01
  7.5055E+00  6.0676E-02  1.9372E+03  2.9395E+00  1.2598E+03  5.6312E-01
  7.8590E+00  6.2806E-02  2.0285E+03  3.2229E+00  1.1944E+03  6.2486E-01
  8.2507E+00  6.4866E-02  2.1296E+03  3.5522E+00  1.0959E+03  6.8870E-01
  8.7011E+00  6.6862E-02  2.2458E+03  3.9506E+00  9.5975E+02  7.5456E-01
  9.2498E+00  6.8800E-02  2.3875E+03  4.4645E+00  7.7936E+02  8.2239E-01
  9.9945E+00  7.0686E-02  2.5797E+03  5.2124E+00  5.4337E+02  8.9214E-01
  1.1357E+01  7.2522E-02  2.9315E+03  6.7309E+00  2.2553E+02  9.6374E-01


 set up b2 integration - integration over impact parameter

 minimum value of (1-cosX) = 5.0000E-04


     gst           b2max/ro2         b/A

  2.7803E+00      1.4700E+01      1.1667E+01
  3.5130E+00      1.2300E+01      1.0672E+01
  4.0098E+00      1.1200E+01      1.0184E+01
  4.4147E+00      1.0500E+01      9.8604E+00
  4.7703E+00      9.9000E+00      9.5746E+00
  5.0963E+00      9.5000E+00      9.3792E+00
  5.4036E+00      9.1000E+00      9.1796E+00
  5.6996E+00      8.8000E+00      9.0270E+00
  5.9897E+00      8.5000E+00      8.8718E+00
  6.2784E+00      8.3000E+00      8.7668E+00
  6.5697E+00      8.0000E+00      8.6069E+00
  6.8680E+00      7.8000E+00      8.4986E+00
  7.1779E+00      7.6000E+00      8.3890E+00
  7.5055E+00      7.4000E+00      8.2779E+00
  7.8590E+00      7.2000E+00      8.1652E+00
  8.2507E+00      7.0000E+00      8.0510E+00
  8.7011E+00      6.8000E+00      7.9352E+00
  9.2498E+00      6.5000E+00      7.7582E+00
  9.9945E+00      6.2000E+00      7.5770E+00
  1.1357E+01      5.8000E+00      7.3285E+00


 number of complete cycles (itn) =    40
 number of velocity points (inp) =    20
 number of random points (imp) =    50
 total number of points =  40000


 summary of mobility calculations

 cycle     cs/A^2      avge cs/A^2        Ko^-1       avge Ko^-1
   1     6.1467E+01     6.1467E+01     1.1294E+03     1.1294E+03
   2     5.7651E+01     5.9559E+01     1.0593E+03     1.0943E+03
   3     6.4421E+01     6.1180E+01     1.1837E+03     1.1241E+03
   4     6.0660E+01     6.1050E+01     1.1146E+03     1.1217E+03
   5     6.4785E+01     6.1797E+01     1.1903E+03     1.1354E+03
   6     5.8893E+01     6.1313E+01     1.0821E+03     1.1265E+03
   7     6.3655E+01     6.1647E+01     1.1696E+03     1.1327E+03
   8     5.8825E+01     6.1295E+01     1.0808E+03     1.1262E+03
   9     5.9855E+01     6.1135E+01     1.0998E+03     1.1233E+03
  10     5.8883E+01     6.0909E+01     1.0819E+03     1.1191E+03
  11     6.2866E+01     6.1087E+01     1.1551E+03     1.1224E+03
  12     6.1335E+01     6.1108E+01     1.1270E+03     1.1228E+03
  13     5.9371E+01     6.0974E+01     1.0909E+03     1.1203E+03
  14     6.1502E+01     6.1012E+01     1.1300E+03     1.1210E+03
  15     5.8293E+01     6.0831E+01     1.0711E+03     1.1177E+03
  16     5.7966E+01     6.0652E+01     1.0651E+03     1.1144E+03
  17     5.8464E+01     6.0523E+01     1.0742E+03     1.1120E+03
  18     5.9029E+01     6.0440E+01     1.0846E+03     1.1105E+03
  19     6.8729E+01     6.0876E+01     1.2628E+03     1.1185E+03
  20     5.9008E+01     6.0783E+01     1.0842E+03     1.1168E+03
  21     5.7740E+01     6.0638E+01     1.0609E+03     1.1141E+03
  22     6.2032E+01     6.0701E+01     1.1398E+03     1.1153E+03
  23     6.3829E+01     6.0837E+01     1.1728E+03     1.1178E+03
  24     6.4220E+01     6.0978E+01     1.1800E+03     1.1204E+03
  25     6.9519E+01     6.1320E+01     1.2773E+03     1.1267E+03
  26     5.9906E+01     6.1266E+01     1.1007E+03     1.1257E+03
  27     6.0532E+01     6.1238E+01     1.1122E+03     1.1252E+03
  28     6.0510E+01     6.1212E+01     1.1118E+03     1.1247E+03
  29     6.0275E+01     6.1180E+01     1.1075E+03     1.1241E+03
  30     6.4577E+01     6.1293E+01     1.1865E+03     1.1262E+03
  31     6.0210E+01     6.1258E+01     1.1063E+03     1.1255E+03
  32     6.1731E+01     6.1273E+01     1.1342E+03     1.1258E+03
  33     5.8439E+01     6.1187E+01     1.0737E+03     1.1242E+03
  34     6.4256E+01     6.1277E+01     1.1806E+03     1.1259E+03
  35     6.4194E+01     6.1361E+01     1.1795E+03     1.1274E+03
  36     5.7865E+01     6.1264E+01     1.0632E+03     1.1256E+03
  37     6.0909E+01     6.1254E+01     1.1191E+03     1.1255E+03
  38     6.2238E+01     6.1280E+01     1.1435E+03     1.1259E+03
  39     5.7592E+01     6.1185E+01     1.0582E+03     1.1242E+03
  40     5.5448E+01     6.1042E+01     1.0188E+03     1.1216E+03


 average values for q1st

     gst2        wgst        q1st
  7.7302E+00  1.6216E-02  7.8862E+00
  1.2341E+01  2.2933E-02  5.7201E+00
  1.6079E+01  2.8088E-02  5.1924E+00
  1.9490E+01  3.2433E-02  4.9672E+00
  2.2756E+01  3.6261E-02  4.4780E+00
  2.5972E+01  3.9722E-02  4.4902E+00
  2.9199E+01  4.2905E-02  4.7571E+00
  3.2486E+01  4.5867E-02  4.3775E+00
  3.5877E+01  4.8649E-02  4.2376E+00
  3.9418E+01  5.1281E-02  4.1145E+00
  4.3161E+01  5.3784E-02  4.1752E+00
  4.7169E+01  5.6175E-02  3.9074E+00
  5.1522E+01  5.8469E-02  4.0865E+00
  5.6333E+01  6.0676E-02  3.7807E+00
  6.1765E+01  6.2806E-02  4.2690E+00
  6.8074E+01  6.4866E-02  3.9964E+00
  7.5709E+01  6.6862E-02  3.6457E+00
  8.5558E+01  6.8800E-02  4.0261E+00
  9.9891E+01  7.0686E-02  3.6218E+00
  1.2899E+02  7.2522E-02  3.4664E+00


 mean OMEGA*(1,1) = 2.0983E+00
 standard deviation = 1.0263E-01
 standard error of mean = 1.6227E-02


 f value for second order correction= 1.0000E+00
 (integrations for second order correction are not
 accurate, check if correction becomes significant)

 omega*12 = 1.9503E+00  omega*13 = 1.8113E+00  omega*22 = 2.1982E+00
       u2 = 1.5295E+01         w = 3.1230E-02     delta = 1.0625E-05


 average (second order) TM mobility = 8.9162E-04
 inverse average (second order) TM mobility = 1.1216E+03
 average TM cross section = 6.1042E+01



 SUMMARY

 program version = junkn.f
 input file name = naph.mjf                      
 input file label = naphthalene                   
 temperature = 2.9800E+02
 using RANLUX with seed integer =  487587
 structural asymmetry parameter = 1.4720E+00

 mobility calculation by MOBIL4 (HS scattering)

 number of Monte Carlo trajectories = 250000
 maximum number of reflections encountered =  4

 inverse average PA mobility = 1.1788E+03
 average PA cross section = 6.4155E+01

 inverse average EHS mobility = 1.2076E+03
 average EHS cross section = 6.5724E+01

 mobility calculation by MOBIL2 (trajectory method)

 trajectory parameters
 sw1 = 5.0000E-05       sw2 = 5.0000E-03
 dtsf1 = 5.0000E-01     dtsf2 = 1.0000E-01

 number of complete cycles (itn) =    40
 number of velocity points (inp) =    20
 number of random points (imp) =    50
 total number of points =  40000

 inverse average (second order) TM mobility = 1.1216E+03
 average TM cross section = 6.1042E+01
 standard deviation (percent) = 4.8909E+00
 number of failed trajectories =   0
